#! /usr/bin/vvp
:ivl_version "11.0 (stable)";
:ivl_delay_selection "TYPICAL";
:vpi_time_precision + 0;
:vpi_module "/usr/lib/x86_64-linux-gnu/ivl/system.vpi";
:vpi_module "/usr/lib/x86_64-linux-gnu/ivl/vhdl_sys.vpi";
:vpi_module "/usr/lib/x86_64-linux-gnu/ivl/vhdl_textio.vpi";
:vpi_module "/usr/lib/x86_64-linux-gnu/ivl/v2005_math.vpi";
:vpi_module "/usr/lib/x86_64-linux-gnu/ivl/va_math.vpi";
S_0x5a29d67cad90 .scope module, "simpleuart" "simpleuart" 2 20;
 .timescale 0 0;
    .port_info 0 /INPUT 1 "clk";
    .port_info 1 /INPUT 1 "resetn";
    .port_info 2 /OUTPUT 1 "ser_tx";
    .port_info 3 /INPUT 1 "ser_rx";
    .port_info 4 /INPUT 4 "reg_div_we";
    .port_info 5 /INPUT 32 "reg_div_di";
    .port_info 6 /OUTPUT 32 "reg_div_do";
    .port_info 7 /INPUT 1 "reg_dat_we";
    .port_info 8 /INPUT 1 "reg_dat_re";
    .port_info 9 /INPUT 32 "reg_dat_di";
    .port_info 10 /OUTPUT 32 "reg_dat_do";
    .port_info 11 /OUTPUT 1 "reg_dat_wait";
P_0x5a29d67caf20 .param/l "DEFAULT_DIV" 0 2 20, +C4<00000000000000000000000000000001>;
L_0x5a29d67f36e0 .functor BUFZ 32, v0x5a29d682b950_0, C4<00000000000000000000000000000000>, C4<00000000000000000000000000000000>, C4<00000000000000000000000000000000>;
L_0x5a29d68059b0 .functor OR 1, L_0x5a29d682ce20, v0x5a29d682c960_0, C4<0>, C4<0>;
o0x7e60db455348 .functor BUFZ 1, C4<z>; HiZ drive
L_0x5a29d682cf40 .functor AND 1, o0x7e60db455348, L_0x5a29d68059b0, C4<1>, C4<1>;
v0x5a29d67f5ff0_0 .net *"_ivl_10", 31 0, L_0x5a29d682d060;  1 drivers
L_0x7e60db1b7060 .functor BUFT 1, C4<000000000000000000000000>, C4<0>, C4<0>, C4<0>;
v0x5a29d67f8690_0 .net *"_ivl_13", 23 0, L_0x7e60db1b7060;  1 drivers
L_0x7e60db1b70a8 .functor BUFT 1, C4<11111111111111111111111111111111>, C4<0>, C4<0>, C4<0>;
v0x5a29d682b5e0_0 .net/2u *"_ivl_14", 31 0, L_0x7e60db1b70a8;  1 drivers
L_0x7e60db1b7018 .functor BUFT 1, C4<0000>, C4<0>, C4<0>, C4<0>;
v0x5a29d682b6a0_0 .net/2u *"_ivl_2", 3 0, L_0x7e60db1b7018;  1 drivers
v0x5a29d682b780_0 .net *"_ivl_4", 0 0, L_0x5a29d682ce20;  1 drivers
v0x5a29d682b890_0 .net *"_ivl_7", 0 0, L_0x5a29d68059b0;  1 drivers
v0x5a29d682b950_0 .var "cfg_divider", 31 0;
o0x7e60db455168 .functor BUFZ 1, C4<z>; HiZ drive
v0x5a29d682ba30_0 .net "clk", 0 0, o0x7e60db455168;  0 drivers
v0x5a29d682baf0_0 .var "recv_buf_data", 7 0;
v0x5a29d682bbd0_0 .var "recv_buf_valid", 0 0;
v0x5a29d682bc90_0 .var "recv_divcnt", 31 0;
v0x5a29d682bd70_0 .var "recv_pattern", 7 0;
v0x5a29d682be50_0 .var "recv_state", 3 0;
o0x7e60db455288 .functor BUFZ 32, C4<zzzzzzzzzzzzzzzzzzzzzzzzzzzzzzzz>; HiZ drive
v0x5a29d682bf30_0 .net "reg_dat_di", 31 0, o0x7e60db455288;  0 drivers
v0x5a29d682c010_0 .net "reg_dat_do", 31 0, L_0x5a29d683d220;  1 drivers
o0x7e60db4552e8 .functor BUFZ 1, C4<z>; HiZ drive
v0x5a29d682c0f0_0 .net "reg_dat_re", 0 0, o0x7e60db4552e8;  0 drivers
v0x5a29d682c1b0_0 .net "reg_dat_wait", 0 0, L_0x5a29d682cf40;  1 drivers
v0x5a29d682c380_0 .net "reg_dat_we", 0 0, o0x7e60db455348;  0 drivers
o0x7e60db455378 .functor BUFZ 32, C4<zzzzzzzzzzzzzzzzzzzzzzzzzzzzzzzz>; HiZ drive
v0x5a29d682c440_0 .net "reg_div_di", 31 0, o0x7e60db455378;  0 drivers
v0x5a29d682c520_0 .net "reg_div_do", 31 0, L_0x5a29d67f36e0;  1 drivers
o0x7e60db4553d8 .functor BUFZ 4, C4<zzzz>; HiZ drive
v0x5a29d682c600_0 .net "reg_div_we", 3 0, o0x7e60db4553d8;  0 drivers
o0x7e60db455408 .functor BUFZ 1, C4<z>; HiZ drive
v0x5a29d682c6e0_0 .net "resetn", 0 0, o0x7e60db455408;  0 drivers
v0x5a29d682c7a0_0 .var "send_bitcnt", 3 0;
v0x5a29d682c880_0 .var "send_divcnt", 31 0;
v0x5a29d682c960_0 .var "send_dummy", 0 0;
v0x5a29d682ca20_0 .var "send_pattern", 9 0;
o0x7e60db4554f8 .functor BUFZ 1, C4<z>; HiZ drive
v0x5a29d682cb00_0 .net "ser_rx", 0 0, o0x7e60db4554f8;  0 drivers
v0x5a29d682cbc0_0 .net "ser_tx", 0 0, L_0x5a29d683d3c0;  1 drivers
E_0x5a29d6803cb0 .event posedge, v0x5a29d682ba30_0;
L_0x5a29d682ce20 .cmp/ne 4, v0x5a29d682c7a0_0, L_0x7e60db1b7018;
L_0x5a29d682d060 .concat [ 8 24 0 0], v0x5a29d682baf0_0, L_0x7e60db1b7060;
L_0x5a29d683d220 .functor MUXZ 32, L_0x7e60db1b70a8, L_0x5a29d682d060, v0x5a29d682bbd0_0, C4<>;
L_0x5a29d683d3c0 .part v0x5a29d682ca20_0, 0, 1;
    .scope S_0x5a29d67cad90;
T_0 ;
    %wait E_0x5a29d6803cb0;
    %load/vec4 v0x5a29d682c6e0_0;
    %nor/r;
    %flag_set/vec4 8;
    %jmp/0xz  T_0.0, 8;
    %pushi/vec4 1, 0, 32;
    %assign/vec4 v0x5a29d682b950_0, 0;
    %jmp T_0.1;
T_0.0 ;
    %load/vec4 v0x5a29d682c600_0;
    %parti/s 1, 0, 2;
    %flag_set/vec4 8;
    %jmp/0xz  T_0.2, 8;
    %load/vec4 v0x5a29d682c440_0;
    %parti/s 8, 0, 2;
    %ix/load 4, 0, 0;
    %ix/load 5, 0, 0;
    %flag_set/imm 4, 0;
    %assign/vec4/off/d v0x5a29d682b950_0, 4, 5;
T_0.2 ;
    %load/vec4 v0x5a29d682c600_0;
    %parti/s 1, 1, 2;
    %flag_set/vec4 8;
    %jmp/0xz  T_0.4, 8;
    %load/vec4 v0x5a29d682c440_0;
    %parti/s 8, 8, 5;
    %ix/load 4, 8, 0;
    %ix/load 5, 0, 0;
    %flag_set/imm 4, 0;
    %assign/vec4/off/d v0x5a29d682b950_0, 4, 5;
T_0.4 ;
    %load/vec4 v0x5a29d682c600_0;
    %parti/s 1, 2, 3;
    %flag_set/vec4 8;
    %jmp/0xz  T_0.6, 8;
    %load/vec4 v0x5a29d682c440_0;
    %parti/s 8, 16, 6;
    %ix/load 4, 16, 0;
    %ix/load 5, 0, 0;
    %flag_set/imm 4, 0;
    %assign/vec4/off/d v0x5a29d682b950_0, 4, 5;
T_0.6 ;
    %load/vec4 v0x5a29d682c600_0;
    %parti/s 1, 3, 3;
    %flag_set/vec4 8;
    %jmp/0xz  T_0.8, 8;
    %load/vec4 v0x5a29d682c440_0;
    %parti/s 8, 24, 6;
    %ix/load 4, 24, 0;
    %ix/load 5, 0, 0;
    %flag_set/imm 4, 0;
    %assign/vec4/off/d v0x5a29d682b950_0, 4, 5;
T_0.8 ;
T_0.1 ;
    %jmp T_0;
    .thread T_0;
    .scope S_0x5a29d67cad90;
T_1 ;
    %wait E_0x5a29d6803cb0;
    %load/vec4 v0x5a29d682c6e0_0;
    %nor/r;
    %flag_set/vec4 8;
    %jmp/0xz  T_1.0, 8;
    %pushi/vec4 0, 0, 4;
    %assign/vec4 v0x5a29d682be50_0, 0;
    %pushi/vec4 0, 0, 32;
    %assign/vec4 v0x5a29d682bc90_0, 0;
    %pushi/vec4 0, 0, 8;
    %assign/vec4 v0x5a29d682bd70_0, 0;
    %pushi/vec4 0, 0, 8;
    %assign/vec4 v0x5a29d682baf0_0, 0;
    %pushi/vec4 0, 0, 1;
    %assign/vec4 v0x5a29d682bbd0_0, 0;
    %jmp T_1.1;
T_1.0 ;
    %load/vec4 v0x5a29d682bc90_0;
    %addi 1, 0, 32;
    %assign/vec4 v0x5a29d682bc90_0, 0;
    %load/vec4 v0x5a29d682c0f0_0;
    %flag_set/vec4 8;
    %jmp/0xz  T_1.2, 8;
    %pushi/vec4 0, 0, 1;
    %assign/vec4 v0x5a29d682bbd0_0, 0;
T_1.2 ;
    %load/vec4 v0x5a29d682be50_0;
    %dup/vec4;
    %pushi/vec4 0, 0, 4;
    %cmp/u;
    %jmp/1 T_1.4, 6;
    %dup/vec4;
    %pushi/vec4 1, 0, 4;
    %cmp/u;
    %jmp/1 T_1.5, 6;
    %dup/vec4;
    %pushi/vec4 10, 0, 4;
    %cmp/u;
    %jmp/1 T_1.6, 6;
    %load/vec4 v0x5a29d682b950_0;
    %load/vec4 v0x5a29d682bc90_0;
    %cmp/u;
    %jmp/0xz  T_1.9, 5;
    %load/vec4 v0x5a29d682cb00_0;
    %load/vec4 v0x5a29d682bd70_0;
    %parti/s 7, 1, 2;
    %concat/vec4; draw_concat_vec4
    %assign/vec4 v0x5a29d682bd70_0, 0;
    %load/vec4 v0x5a29d682be50_0;
    %addi 1, 0, 4;
    %assign/vec4 v0x5a29d682be50_0, 0;
    %pushi/vec4 0, 0, 32;
    %assign/vec4 v0x5a29d682bc90_0, 0;
T_1.9 ;
    %jmp T_1.8;
T_1.4 ;
    %load/vec4 v0x5a29d682cb00_0;
    %nor/r;
    %flag_set/vec4 8;
    %jmp/0xz  T_1.11, 8;
    %pushi/vec4 1, 0, 4;
    %assign/vec4 v0x5a29d682be50_0, 0;
T_1.11 ;
    %pushi/vec4 0, 0, 32;
    %assign/vec4 v0x5a29d682bc90_0, 0;
    %jmp T_1.8;
T_1.5 ;
    %load/vec4 v0x5a29d682b950_0;
    %load/vec4 v0x5a29d682bc90_0;
    %muli 2, 0, 32;
    %cmp/u;
    %jmp/0xz  T_1.13, 5;
    %pushi/vec4 2, 0, 4;
    %assign/vec4 v0x5a29d682be50_0, 0;
    %pushi/vec4 0, 0, 32;
    %assign/vec4 v0x5a29d682bc90_0, 0;
T_1.13 ;
    %jmp T_1.8;
T_1.6 ;
    %load/vec4 v0x5a29d682b950_0;
    %load/vec4 v0x5a29d682bc90_0;
    %cmp/u;
    %jmp/0xz  T_1.15, 5;
    %load/vec4 v0x5a29d682bd70_0;
    %assign/vec4 v0x5a29d682baf0_0, 0;
    %pushi/vec4 1, 0, 1;
    %assign/vec4 v0x5a29d682bbd0_0, 0;
    %pushi/vec4 0, 0, 4;
    %assign/vec4 v0x5a29d682be50_0, 0;
T_1.15 ;
    %jmp T_1.8;
T_1.8 ;
    %pop/vec4 1;
T_1.1 ;
    %jmp T_1;
    .thread T_1;
    .scope S_0x5a29d67cad90;
T_2 ;
    %wait E_0x5a29d6803cb0;
    %load/vec4 v0x5a29d682c600_0;
    %cmpi/ne 0, 0, 4;
    %jmp/0xz  T_2.0, 4;
    %pushi/vec4 1, 0, 1;
    %assign/vec4 v0x5a29d682c960_0, 0;
T_2.0 ;
    %load/vec4 v0x5a29d682c880_0;
    %addi 1, 0, 32;
    %assign/vec4 v0x5a29d682c880_0, 0;
    %load/vec4 v0x5a29d682c6e0_0;
    %nor/r;
    %flag_set/vec4 8;
    %jmp/0xz  T_2.2, 8;
    %pushi/vec4 1023, 0, 10;
    %assign/vec4 v0x5a29d682ca20_0, 0;
    %pushi/vec4 0, 0, 4;
    %assign/vec4 v0x5a29d682c7a0_0, 0;
    %pushi/vec4 0, 0, 32;
    %assign/vec4 v0x5a29d682c880_0, 0;
    %pushi/vec4 1, 0, 1;
    %assign/vec4 v0x5a29d682c960_0, 0;
    %jmp T_2.3;
T_2.2 ;
    %load/vec4 v0x5a29d682c960_0;
    %load/vec4 v0x5a29d682c7a0_0;
    %nor/r;
    %and;
    %flag_set/vec4 8;
    %jmp/0xz  T_2.4, 8;
    %pushi/vec4 1023, 0, 10;
    %assign/vec4 v0x5a29d682ca20_0, 0;
    %pushi/vec4 15, 0, 4;
    %assign/vec4 v0x5a29d682c7a0_0, 0;
    %pushi/vec4 0, 0, 32;
    %assign/vec4 v0x5a29d682c880_0, 0;
    %pushi/vec4 0, 0, 1;
    %assign/vec4 v0x5a29d682c960_0, 0;
    %jmp T_2.5;
T_2.4 ;
    %load/vec4 v0x5a29d682c380_0;
    %load/vec4 v0x5a29d682c7a0_0;
    %nor/r;
    %and;
    %flag_set/vec4 8;
    %jmp/0xz  T_2.6, 8;
    %pushi/vec4 1, 0, 1;
    %load/vec4 v0x5a29d682bf30_0;
    %parti/s 8, 0, 2;
    %concat/vec4; draw_concat_vec4
    %concati/vec4 0, 0, 1;
    %assign/vec4 v0x5a29d682ca20_0, 0;
    %pushi/vec4 10, 0, 4;
    %assign/vec4 v0x5a29d682c7a0_0, 0;
    %pushi/vec4 0, 0, 32;
    %assign/vec4 v0x5a29d682c880_0, 0;
    %jmp T_2.7;
T_2.6 ;
    %load/vec4 v0x5a29d682b950_0;
    %load/vec4 v0x5a29d682c880_0;
    %cmp/u;
    %flag_get/vec4 5;
    %load/vec4 v0x5a29d682c7a0_0;
    %pushi/vec4 0, 0, 4;
    %cmp/ne;
    %flag_get/vec4 4;
    %and;
    %flag_set/vec4 8;
    %jmp/0xz  T_2.8, 8;
    %pushi/vec4 1, 0, 1;
    %load/vec4 v0x5a29d682ca20_0;
    %parti/s 9, 1, 2;
    %concat/vec4; draw_concat_vec4
    %assign/vec4 v0x5a29d682ca20_0, 0;
    %load/vec4 v0x5a29d682c7a0_0;
    %subi 1, 0, 4;
    %assign/vec4 v0x5a29d682c7a0_0, 0;
    %pushi/vec4 0, 0, 32;
    %assign/vec4 v0x5a29d682c880_0, 0;
T_2.8 ;
T_2.7 ;
T_2.5 ;
T_2.3 ;
    %jmp T_2;
    .thread T_2;
# The file index is used to find the file name in the following table.
:file_names 3;
    "N/A";
    "<interactive>";
    "simpleuart.v";
